V3 9
FL /home/ise/e.g.ise_projs/cron_dec2/cron_dec_2/cron_dec.vhd 2025/05/21.20:18:49 P.20131013
FL /home/ise/e.g.ise_projs/cron_dec2/cron_dec_2/dspl_drv.vhd 2025/05/21.20:07:22 P.20131013
FL /home/ise/ise_projs/cron_dec_2/cron_dec.vhd 2025/05/21.20:33:41 P.20131013
EN work/cron_dec 1747859629 FL /home/ise/ise_projs/cron_dec_2/cron_dec.vhd \
      PB ieee/std_logic_1164 1381692176 PB ieee/NUMERIC_STD 1381692181
AR work/cron_dec/cron_dec 1747859630 \
      FL /home/ise/ise_projs/cron_dec_2/cron_dec.vhd EN work/cron_dec 1747859629 \
      CP work/dspl_drv
FL /home/ise/ise_projs/cron_dec_2/dspl_drv.vhd 2025/05/21.20:29:50 P.20131013
EN work/dspl_drv 1747859627 FL /home/ise/ise_projs/cron_dec_2/dspl_drv.vhd \
      PB ieee/std_logic_1164 1381692176 PB ieee/STD_LOGIC_UNSIGNED 1381692179
AR work/dspl_drv/dspl_drv 1747859628 \
      FL /home/ise/ise_projs/cron_dec_2/dspl_drv.vhd EN work/dspl_drv 1747859627
