AR datapath datapath /home/ise/ise_projs/trabalho_4/t4_p3/p3ComPeriferico/vhdls_auxiliares/MIPS_S_Prt.vhd sub00/vhpl12 1751981301
EN data_memory NULL /home/ise/ise_projs/trabalho_4/t4_p2/25mhz/memory.vhd sub00/vhpl19 1751981308
EN reg_bank NULL /home/ise/ise_projs/trabalho_4/t4_p3/p3ComPeriferico/vhdls_auxiliares/MIPS_S_Prt.vhd sub00/vhpl07 1751981296
EN reg32bits NULL /home/ise/ise_projs/trabalho_4/t4_p3/p3ComPeriferico/vhdls_auxiliares/MIPS_S_Prt.vhd sub00/vhpl05 1751981294
AR top_conts behavioral /home/ise/ise_projs/trabalho_4/t4_p3/p3ComPeriferico/top_conts.vhd sub00/vhpl28 1751981317
AR divider divider /home/ise/ise_projs/trabalho_4/t4_p3/p3ComPeriferico/vhdls_auxiliares/mult_div.vhd sub00/vhpl03 1751981292
AR mips_s mips_s /home/ise/ise_projs/trabalho_4/t4_p3/p3ComPeriferico/vhdls_auxiliares/MIPS_S_Prt.vhd sub00/vhpl16 1751981305
EN periferico NULL /home/ise/ise_projs/trabalho_4/t4_p3/p3ComPeriferico/vhdls_auxiliares/periferico.vhd sub00/vhpl23 1751981312
EN datapath NULL /home/ise/ise_projs/trabalho_4/t4_p3/p3ComPeriferico/vhdls_auxiliares/MIPS_S_Prt.vhd sub00/vhpl11 1751981300
PH p_mips_s NULL /home/ise/ise_projs/trabalho_4/t4_p3/p3ComPeriferico/vhdls_auxiliares/MIPS_S_Prt.vhd sub00/vhpl04 1751981293
EN divider NULL /home/ise/ise_projs/trabalho_4/t4_p3/p3ComPeriferico/vhdls_auxiliares/mult_div.vhd sub00/vhpl02 1751981291
AR reg_bank reg_bank /home/ise/ise_projs/trabalho_4/t4_p3/p3ComPeriferico/vhdls_auxiliares/MIPS_S_Prt.vhd sub00/vhpl08 1751981297
AR control_unit control_unit /home/ise/ise_projs/trabalho_4/t4_p3/p3ComPeriferico/vhdls_auxiliares/MIPS_S_Prt.vhd sub00/vhpl14 1751981303
EN multiplier NULL /home/ise/ise_projs/trabalho_4/t4_p3/p3ComPeriferico/vhdls_auxiliares/mult_div.vhd sub00/vhpl00 1751981289
EN mips_s NULL /home/ise/ise_projs/trabalho_4/t4_p3/p3ComPeriferico/vhdls_auxiliares/MIPS_S_Prt.vhd sub00/vhpl15 1751981304
EN mips_s_withbrams NULL /home/ise/ise_projs/trabalho_4/t4_p3/p3ComPeriferico/vhdls_auxiliares/MIPS_S_withBRAMS.vhd sub00/vhpl21 1751981310
AR alu alu /home/ise/ise_projs/trabalho_4/t4_p3/p3ComPeriferico/vhdls_auxiliares/MIPS_S_Prt.vhd sub00/vhpl10 1751981299
AR multiplier multiplier /home/ise/ise_projs/trabalho_4/t4_p3/p3ComPeriferico/vhdls_auxiliares/mult_div.vhd sub00/vhpl01 1751981290
AR reg32bits reg32bits /home/ise/ise_projs/trabalho_4/t4_p3/p3ComPeriferico/vhdls_auxiliares/MIPS_S_Prt.vhd sub00/vhpl06 1751981295
AR program_memory program_memory /home/ise/ise_projs/trabalho_4/t4_p2/25mhz/memory.vhd sub00/vhpl18 1751981307
EN program_memory NULL /home/ise/ise_projs/trabalho_4/t4_p2/25mhz/memory.vhd sub00/vhpl17 1751981306
EN top_conts NULL /home/ise/ise_projs/trabalho_4/t4_p3/p3ComPeriferico/top_conts.vhd sub00/vhpl27 1751981316
AR data_memory data_memory /home/ise/ise_projs/trabalho_4/t4_p2/25mhz/memory.vhd sub00/vhpl20 1751981309
AR dspl_drv dspl_drv /home/ise/ise_projs/trabalho_3/cron_basq/display_driver.vhd sub00/vhpl26 1751981315
EN dspl_drv NULL /home/ise/ise_projs/trabalho_3/cron_basq/display_driver.vhd sub00/vhpl25 1751981314
EN control_unit NULL /home/ise/ise_projs/trabalho_4/t4_p3/p3ComPeriferico/vhdls_auxiliares/MIPS_S_Prt.vhd sub00/vhpl13 1751981302
AR mips_s_withbrams mips_s_withbrams /home/ise/ise_projs/trabalho_4/t4_p3/p3ComPeriferico/vhdls_auxiliares/MIPS_S_withBRAMS.vhd sub00/vhpl22 1751981311
AR periferico behavioral /home/ise/ise_projs/trabalho_4/t4_p3/p3ComPeriferico/vhdls_auxiliares/periferico.vhd sub00/vhpl24 1751981313
EN alu NULL /home/ise/ise_projs/trabalho_4/t4_p3/p3ComPeriferico/vhdls_auxiliares/MIPS_S_Prt.vhd sub00/vhpl09 1751981298
